// Jest Snapshot v1, https://goo.gl/fbAQLP

exports[`pruebas en <GifItem/> debe hace match con el snapshot 1`] = `
<div>
  <div
    class="card"
  >
    <img
      alt="saitama"
      src="https://one-punch.com/saitamam.jpg"
    />
    <p>
      saitama
    </p>
  </div>
</div>
`;
